 SimpleClass.kt
public class <2>SimpleClass {
 main.kt
typealias <1><3>SimpleClassAlias = SimpleClass
