 MainKt.class
public typealias <1><3>SimpleClassAlias = testData.libraries.SimpleClass
 SimpleClass.class
public final class SimpleClass public <2>constructor() {
